// Jest Snapshot v1, https://goo.gl/fbAQLP

exports[`Block should be converted to flexible spacer block 1`] = `
"<!-- wp:fsb/flexible-spacer -->
<div aria-hidden="true" class="wp-block-fsb-flexible-spacer fsb-flexible-spacer"><div class="fsb-flexible-spacer__device fsb-flexible-spacer__device--lg" style="height:100px"></div><div class="fsb-flexible-spacer__device fsb-flexible-spacer__device--md" style="height:100px"></div><div class="fsb-flexible-spacer__device fsb-flexible-spacer__device--sm" style="height:100px"></div></div>
<!-- /wp:fsb/flexible-spacer -->"
`;

exports[`Block should be converted to flexible spacer block by keeping height 1`] = `
"<!-- wp:fsb/flexible-spacer {"heightLg":"200px","heightMd":"200px","heightSm":"200px"} -->
<div aria-hidden="true" class="wp-block-fsb-flexible-spacer fsb-flexible-spacer"><div class="fsb-flexible-spacer__device fsb-flexible-spacer__device--lg" style="height:200px"></div><div class="fsb-flexible-spacer__device fsb-flexible-spacer__device--md" style="height:200px"></div><div class="fsb-flexible-spacer__device fsb-flexible-spacer__device--sm" style="height:200px"></div></div>
<!-- /wp:fsb/flexible-spacer -->"
`;
